// Jest Snapshot v1, https://goo.gl/fbAQLP

exports[`App renders App component correctly 1`] = `
<DocumentFragment>
  <div
    class="App"
  >
    <img
      alt="nasa-logo"
      class="nasa-logo"
      src="https://cdn.cnn.com/cnnnext/dam/assets/200424060716-nasa-worm-logo.jpg"
    />
    <form
      class="seach-form"
    >
      <input
        class="search-input"
        type="text"
        value=""
      />
      <button
        class="search-button"
        type="submit"
      >
        Submit
      </button>
    </form>
  </div>
</DocumentFragment>
`;
