// Jest Snapshot v1, https://goo.gl/fbAQLP

exports[`SearchResults renders SearchResult component correctly 1`] = `
<DocumentFragment>
  <div
    class="search-results"
  >
    <img
      alt="result-tile"
      class="card-image"
      src="img1"
    />
    <img
      alt="result-tile"
      class="card-image"
      src="img2"
    />
    <img
      alt="result-tile"
      class="card-image"
      src="img3"
    />
  </div>
</DocumentFragment>
`;
